<h1>Realblog &ndash; Delete article</h1>
<p class="xh_fail">Article couldn't be deleted!</p>
<p><a href="/?&amp;realblog&amp;admin=plugin_main&amp;action=plugin_text&amp;realblog_page=1">entries overview</a></p>