<script>REALBLOG.categories = ["cat1","cat2"];</script>
<script src="./realblog.js"></script>