<h1>Realblog &ndash; Edit article</h1>
<p class="xh_fail">Article couldn't be modified!</p>
<p><a href="/?&amp;realblog&amp;admin=plugin_main&amp;action=plugin_text&amp;realblog_page=1">entries overview</a></p>