<!-- realblog article -->
<div class="realblog_article">

    <div class="realblog_show_box">
    
        <div class="realblog_buttons">
            <a class="realblog_button" href="/?Archive">entries overview</a>
        </div>

        <h4>Title</h4>
        <div class="realblog_article_meta">
            <span class="realblog_meta_date">Published on 23.06.2022.</span>
        </div>
        <div class="realblog_show_story_entry">Body</div>
    
        <div class="realblog_buttons">
            <a class="realblog_button" href="/?Archive">entries overview</a>
        </div>
    
    </div>


</div>
