<!-- realblog search form -->
<form class="realblog_search_form" method="get" action="/">
    <input type="hidden" name="selected" value="Archive">
    <input type="text" name="realblog_search" class="realblog_search_input"
           title="This search function is searching for the complete string. Searching for several single words (independent from the placement in the text) isn't possible." placeholder="Enter search term">
    <button>Search in Blog</button>
</form>
<!-- realblog archive -->
<div class="realblog_archive_container">


    <div class="realblog_table_paging">
        <span class="realblog_archive_title">yearly archive: </span>
    </div>


    <h4>April 2021</h4>
    <ul class="realblog_archive">
        <li>
            14.04.2021            <a href="/?Archive&amp;realblog_id=1&amp;realblog_year=2021" title="show entry">Title 1</a>
        </li>
    </ul>
    <h4>July 2021</h4>
    <ul class="realblog_archive">
        <li>
            14.07.2021            <a href="/?Archive&amp;realblog_id=2&amp;realblog_year=2021" title="show entry">Title 2</a>
        </li>
    </ul>
    <h4>October 2021</h4>
    <ul class="realblog_archive">
        <li>
            14.10.2021            <a href="/?Archive&amp;realblog_id=3&amp;realblog_year=2021" title="show entry">Title 3</a>
        </li>
    </ul>
    <h4>January 2022</h4>
    <ul class="realblog_archive">
        <li>
            14.01.2022            <a href="/?Archive&amp;realblog_id=4&amp;realblog_year=2022" title="show entry">Title 4</a>
        </li>
    </ul>
    <h4>April 2022</h4>
    <ul class="realblog_archive">
        <li>
            14.04.2022            <a href="/?Archive&amp;realblog_id=5&amp;realblog_year=2022" title="show entry">Title 5</a>
        </li>
    </ul>
    <h4>July 2022</h4>
    <ul class="realblog_archive">
        <li>
            14.07.2022            <a href="/?Archive&amp;realblog_id=6&amp;realblog_year=2022" title="show entry">Title 6</a>
        </li>
    </ul>
    <h4>October 2022</h4>
    <ul class="realblog_archive">
        <li>
            14.10.2022            <a href="/?Archive&amp;realblog_id=7&amp;realblog_year=2022" title="show entry">Title 7</a>
        </li>
    </ul>

</div>
