<!-- realblog search form -->
<form class="realblog_search_form" method="get" action="/">
  <input type="hidden" name="selected" value="Archive">
  <input type="text" name="realblog_search" class="realblog_search_input"
       title="This search function is searching for the complete string. Searching for several single words (independent from the placement in the text) isn't possible." placeholder="Enter search term">
  <button>Search in Blog</button>
</form>
<!-- realblog archive -->
<div class="realblog_archive_container">


  <div class="realblog_table_paging">
    <span class="realblog_archive_title">yearly archive: 2023</span>
  </div>


  <p>no entries available</p>

</div>
