<!-- realblog article -->
<div class="realblog_article">

  <div class="realblog_show_box">

    <div class="realblog_buttons">
      <a class="realblog_button" href="/?Blog&amp;realblog_page=1&amp;realblog_search=word">Back to the search results</a>
      <a class="realblog_button" href="/?Blog&amp;realblog_page=1">entries overview</a>
    </div>

    <h1>Title</h1>
    <div class="realblog_article_meta">
      <span class="realblog_meta_date">Published on 23.06.2023.</span>
      <span class="realblog_meta_categories">Filed under test.</span>
      <span class="realblog_meta_comments">There are 3 comments on this article.</span>
    </div>
    <div class="realblog_show_story_entry">Body</div>

    <div class="realblog_buttons">
      <a class="realblog_button" href="/?Blog&amp;realblog_page=1&amp;realblog_search=word">Back to the search results</a>
      <a class="realblog_button" href="/?Blog&amp;realblog_page=1">entries overview</a>
    </div>

  </div>

  <div class="comments">
    <div class="comment">The first comment</div>
    <div class="comment">The second comment</div>
    <div class="comment">The third comment</div>
</div>
</div>
