<!-- realblog article -->
<div class="realblog_article">

  <div class="realblog_show_box">

    <div class="realblog_buttons">
      <a class="realblog_button" href="/?Blog&amp;realblog_page=1">entries overview</a>
      <a class="realblog_button" href="/?Blog&amp;comments_action=edit">edit comments</a>
      <a class="realblog_button" href="/?realblog&amp;admin=plugin_main&amp;action=edit&amp;realblog_id=3">edit entry</a>
    </div>

    <div class="realblog_article_meta">
      <span class="realblog_meta_date">Published on 23.06.2023.</span>
      <span class="realblog_meta_categories">Filed under test.</span>
      <span class="realblog_meta_comments">There are 3 comments on this article.</span>
    </div>
    <h4>Title</h4>
    <div class="realblog_show_story_entry">Body</div>

    <div class="realblog_buttons">
      <a class="realblog_button" href="/?Blog&amp;realblog_page=1">entries overview</a>
      <a class="realblog_button" href="/?Blog&amp;comments_action=edit">edit comments</a>
      <a class="realblog_button" href="/?realblog&amp;admin=plugin_main&amp;action=edit&amp;realblog_id=3">edit entry</a>
    </div>

  </div>

  <div class="comments">
    <div class="comment">The first comment</div>
    <div class="comment">The second comment</div>
    <div class="comment">The third comment</div>
</div>
</div>
