<!-- realblog search form -->
<form class="realblog_search_form" method="get">
  <input type="hidden" name="selected" value="Archive">
  <input type="hidden" name="realblog_year" value="2022">
  <input type="text" name="realblog_search" class="realblog_search_input"
       title="This search function is searching for the complete string. Searching for several single words (independent from the placement in the text) isn't possible." placeholder="Enter search term">
  <button>Search in Blog</button>
</form>
<!-- realblog archive -->
<div class="realblog_show_box">
  <div class="realblog_pagination">
    <a class="realblog_button" href="/?Archive&amp;realblog_year=2020">2020</a>
    <span class="realblog_pag_current">2022</span>
  </div>
  <h4>February 2022</h4>
  <ul class="realblog_archive">
    <li>
      14.02.2022      <a href="/?&amp;function=realblog_article&amp;realblog_selected=Archive&amp;realblog_year=2022&amp;realblog_id=2" title="show entry">Title 2</a>
    </li>
  </ul>
  <h4>March 2022</h4>
  <ul class="realblog_archive">
    <li>
      14.03.2022      <a href="/?&amp;function=realblog_article&amp;realblog_selected=Archive&amp;realblog_year=2022&amp;realblog_id=3" title="show entry">Title 3</a>
    </li>
  </ul>
  <h4>April 2022</h4>
  <ul class="realblog_archive">
    <li>
      14.04.2022      <a href="/?&amp;function=realblog_article&amp;realblog_selected=Archive&amp;realblog_year=2022&amp;realblog_id=4" title="show entry">Title 4</a>
    </li>
  </ul>
  <h4>May 2022</h4>
  <ul class="realblog_archive">
    <li>
      14.05.2022      <a href="/?&amp;function=realblog_article&amp;realblog_selected=Archive&amp;realblog_year=2022&amp;realblog_id=5" title="show entry">Title 5</a>
    </li>
  </ul>
</div>
