<!-- realblog search form -->
<form class="realblog_search_form" method="get" action="/">
  <input type="hidden" name="selected" value="Blog">
  <input type="text" name="realblog_search" class="realblog_search_input"
       title="This search function is searching for the complete string. Searching for several single words (independent from the placement in the text) isn't possible." placeholder="Enter search term">
  <button>Search in Blog</button>
</form>
<!-- realblog articles -->
<div class="realblog_show_box">
  <!-- realblog pagination -->
<div class="realblog_pagination">
  <span class="realblog_pag_count">7 articles</span>
  <span class="realblog_pag_current">1</span>
  <a class="realblog_button" href="/?Blog&amp;realblog_page=2">2</a>
</div>
  <div id="realblog_entries_preview" class="realblog_entries_preview">
    <div class="realblog_entry_preview">
      <h4>
        Title 1      </h4>
      <div class="realblog_article_meta">
        <span class="realblog_meta_date">Published on 14.04.2021.</span>
      </div>
      <div class="realblog_show_story">Teaser 1</div>
    </div>
    <div class="realblog_entry_preview">
      <h4>
        Title 2      </h4>
      <div class="realblog_article_meta">
        <span class="realblog_meta_date">Published on 14.07.2021.</span>
      </div>
      <div class="realblog_show_story">Teaser 2</div>
    </div>
    <div class="realblog_entry_preview">
      <h4>
        Title 3      </h4>
      <div class="realblog_article_meta">
        <span class="realblog_meta_date">Published on 14.10.2021.</span>
      </div>
      <div class="realblog_show_story">Teaser 3</div>
    </div>
    <div class="realblog_entry_preview">
      <h4>
        Title 4      </h4>
      <div class="realblog_article_meta">
        <span class="realblog_meta_date">Published on 14.01.2022.</span>
      </div>
      <div class="realblog_show_story">Teaser 4</div>
    </div>
    <div class="realblog_entry_preview">
      <h4>
        Title 5      </h4>
      <div class="realblog_article_meta">
        <span class="realblog_meta_date">Published on 14.04.2022.</span>
      </div>
      <div class="realblog_show_story">Teaser 5</div>
    </div>
    <div class="realblog_entry_preview">
      <h4>
        Title 6      </h4>
      <div class="realblog_article_meta">
        <span class="realblog_meta_date">Published on 14.07.2022.</span>
      </div>
      <div class="realblog_show_story">Teaser 6</div>
    </div>
    <div class="realblog_entry_preview">
      <h4>
        Title 7      </h4>
      <div class="realblog_article_meta">
        <span class="realblog_meta_date">Published on 14.10.2022.</span>
      </div>
      <div class="realblog_show_story">Teaser 7</div>
    </div>
  </div>
  <!-- realblog pagination -->
<div class="realblog_pagination">
  <span class="realblog_pag_count">7 articles</span>
  <span class="realblog_pag_current">1</span>
  <a class="realblog_button" href="/?Blog&amp;realblog_page=2">2</a>
</div>
</div>
