<!-- realblog search form -->
<form class="realblog_search_form" method="get">
  <input type="hidden" name="selected" value="Archive">
  <input type="hidden" name="realblog_year" value="2023">
  <input type="text" name="realblog_search" class="realblog_search_input"
       title="This search function is searching for the complete string. Searching for several single words (independent from the placement in the text) isn't possible." placeholder="Enter search term">
  <button>Search in Blog</button>
</form>
<!-- realblog archive -->
<div class="realblog_show_box">
  <div class="realblog_pagination">
    <a class="realblog_button" href="/?Archive&amp;realblog_year=2020">2020</a>
    <a class="realblog_button" href="/?Archive&amp;realblog_year=2022">2022</a>
  </div>
  <p>no entries available</p>
</div>
