<!-- realblog search form -->
<form class="realblog_search_form" method="get">
  <input type="hidden" name="selected" value="Blog">
  <input type="text" name="realblog_search" class="realblog_search_input"
       title="This search function is searching for the complete string. Searching for several single words (independent from the placement in the text) isn't possible." placeholder="Enter search term">
  <button>Search in Blog</button>
</form>
<!-- realblog articles -->
<div class="realblog_show_box">
  <!-- realblog pagination -->
<div class="realblog_pagination">
  <span class="realblog_pag_count">7 articles</span>
  <span class="realblog_pag_current">1</span>
  <a class="realblog_button" href="/?Blog&amp;realblog_page=2">2</a>
</div>
  <div id="realblog_entries_preview" class="realblog_entries_preview">
    <div class="realblog_entry_preview">
      <div class="realblog_article_meta">
        <span class="realblog_meta_date">Published on 14.04.2021.</span>
        <span class="realblog_meta_categories">Filed under test.</span>
        <span class="realblog_meta_comments">There are 3 comments on this article.</span>
      </div>
      <h4>
        <a href="/?Blog&amp;realblog_id=1" title="show entry">
        Title 1        </a>
      </h4>
      <div class="realblog_show_story">Teaser 1</div>
      <div class="realblog_entry_footer">
        <p class="realblog_read_more">
          <a class="realblog_button" href="/?Blog&amp;realblog_id=1" title="show entry">read more »</a>
        </p>
      </div>
    </div>
    <div class="realblog_entry_preview">
      <div class="realblog_article_meta">
        <span class="realblog_meta_date">Published on 14.07.2021.</span>
        <span class="realblog_meta_categories">Filed under test.</span>
        <span class="realblog_meta_comments">There are 3 comments on this article.</span>
      </div>
      <h4>
        <a href="/?Blog&amp;realblog_id=2" title="show entry">
        Title 2        </a>
      </h4>
      <div class="realblog_show_story">Teaser 2</div>
      <div class="realblog_entry_footer">
        <p class="realblog_read_more">
          <a class="realblog_button" href="/?Blog&amp;realblog_id=2" title="show entry">read more »</a>
        </p>
      </div>
    </div>
    <div class="realblog_entry_preview">
      <div class="realblog_article_meta">
        <span class="realblog_meta_date">Published on 14.10.2021.</span>
        <span class="realblog_meta_categories">Filed under test.</span>
        <span class="realblog_meta_comments">There are 3 comments on this article.</span>
      </div>
      <h4>
        <a href="/?Blog&amp;realblog_id=3" title="show entry">
        Title 3        </a>
      </h4>
      <div class="realblog_show_story">Teaser 3</div>
      <div class="realblog_entry_footer">
        <p class="realblog_read_more">
          <a class="realblog_button" href="/?Blog&amp;realblog_id=3" title="show entry">read more »</a>
        </p>
      </div>
    </div>
    <div class="realblog_entry_preview">
      <div class="realblog_article_meta">
        <span class="realblog_meta_date">Published on 14.01.2022.</span>
        <span class="realblog_meta_categories">Filed under test.</span>
        <span class="realblog_meta_comments">There are 3 comments on this article.</span>
      </div>
      <h4>
        <a href="/?Blog&amp;realblog_id=4" title="show entry">
        Title 4        </a>
      </h4>
      <div class="realblog_show_story">Teaser 4</div>
      <div class="realblog_entry_footer">
        <p class="realblog_read_more">
          <a class="realblog_button" href="/?Blog&amp;realblog_id=4" title="show entry">read more »</a>
        </p>
      </div>
    </div>
    <div class="realblog_entry_preview">
      <div class="realblog_article_meta">
        <span class="realblog_meta_date">Published on 14.04.2022.</span>
        <span class="realblog_meta_categories">Filed under test.</span>
        <span class="realblog_meta_comments">There are 3 comments on this article.</span>
      </div>
      <h4>
        <a href="/?Blog&amp;realblog_id=5" title="show entry">
        Title 5        </a>
      </h4>
      <div class="realblog_show_story">Teaser 5</div>
      <div class="realblog_entry_footer">
        <p class="realblog_read_more">
          <a class="realblog_button" href="/?Blog&amp;realblog_id=5" title="show entry">read more »</a>
        </p>
      </div>
    </div>
    <div class="realblog_entry_preview">
      <div class="realblog_article_meta">
        <span class="realblog_meta_date">Published on 14.07.2022.</span>
        <span class="realblog_meta_categories">Filed under test.</span>
        <span class="realblog_meta_comments">There are 3 comments on this article.</span>
      </div>
      <h4>
        <a href="/?Blog&amp;realblog_id=6" title="show entry">
        Title 6        </a>
      </h4>
      <div class="realblog_show_story">Teaser 6</div>
      <div class="realblog_entry_footer">
        <p class="realblog_read_more">
          <a class="realblog_button" href="/?Blog&amp;realblog_id=6" title="show entry">read more »</a>
        </p>
      </div>
    </div>
    <div class="realblog_entry_preview">
      <div class="realblog_article_meta">
        <span class="realblog_meta_date">Published on 14.10.2022.</span>
        <span class="realblog_meta_categories">Filed under test.</span>
        <span class="realblog_meta_comments">There are 3 comments on this article.</span>
      </div>
      <h4>
        <a href="/?Blog&amp;realblog_id=7" title="show entry">
        Title 7        </a>
      </h4>
      <div class="realblog_show_story">Teaser 7</div>
      <div class="realblog_entry_footer">
        <p class="realblog_read_more">
          <a class="realblog_button" href="/?Blog&amp;realblog_id=7" title="show entry">read more »</a>
        </p>
      </div>
    </div>
  </div>
  <!-- realblog pagination -->
<div class="realblog_pagination">
  <span class="realblog_pag_count">7 articles</span>
  <span class="realblog_pag_current">1</span>
  <a class="realblog_button" href="/?Blog&amp;realblog_page=2">2</a>
</div>
</div>
