<!-- realblog article -->
<div class="realblog_article">

  <div class="realblog_show_box">

    <div class="realblog_buttons">
      <a class="realblog_button" href="/?Blog&amp;realblog_search=word&amp;realblog_page=1">Back to the search results</a>
      <a class="realblog_button" href="/?Blog&amp;realblog_page=1">entries overview</a>
    </div>

    <h4>Title</h4>
    <div class="realblog_article_meta">
      <span class="realblog_meta_date">Published on 23.06.2023.</span>
      <span class="realblog_meta_categories">Filed under test.</span>
    </div>
    <div class="realblog_show_story_entry"><div class="realblog_teaser">Teaser</div>Body</div>

    <div class="realblog_buttons">
      <a class="realblog_button" href="/?Blog&amp;realblog_search=word&amp;realblog_page=1">Back to the search results</a>
      <a class="realblog_button" href="/?Blog&amp;realblog_page=1">entries overview</a>
    </div>

  </div>


</div>
