<h1>Realblog &ndash; Data Exchange</h1>
<p class="xh_fail">Can't import from &quot;./content/realblog/realblog.csv&quot;!</p>