<!-- realblog data import -->
<div class="realblog_data_exchange">
  <h1>Realblog â€“ Import from CSV</h1>
  <p class="xh_info">The database contains 3 articles.</p>
  <p class="xh_warning">The CSV import will overwrite all articles in the database!</p>
  <form method="post">
    <input type="hidden" name="xh_csrf_token" value="e3c1b42a6098b48a39f9f54ddb3388f7">
    <button name="realblog_do">Import from CSV</button>
  </form>
</div>
