<!-- realblog data export -->
<div class="realblog_data_exchange">
  <h1>Realblog â€“ Export to CSV</h1>
  <p class="xh_info">The database contains 3 articles.</p>
  <p class="xh_warning">The database export will overwrite the CSV file &quot;./content/realblog/realblog.csv&quot;!</p>
  <form method="post">
    <input type="hidden" name="xh_csrf_token" value="e3c1b42a6098b48a39f9f54ddb3388f7">
    <button name="realblog_do">Export to CSV</button>
  </form>
</div>
