<h1>Realblog &ndash; Data Exchange</h1>
<p class="xh_fail">Can't export to &quot;../../content/realblog/realblog.csv&quot;!</p>