<!-- realblog data exchange -->
<script type="module" src="./plugins/realblog/realblog.js"></script>
<div class="realblog_data_exchange">
  <h1>Realblog â€“ Data Exchange</h1>
  <form method="get">
    <input type="hidden" name="selected" value="realblog">
    <input type="hidden" name="admin" value="data_exchange">
    <fieldset>
      <legend>Export to CSV</legend>
      <p class="xh_info">The database contains 3 articles.</p>
      <button name="action" value="export">Export to CSV</button>
    </fieldset>
    <fieldset>
      <legend>Import from CSV</legend>
      <p class="xh_info">CSV file &quot;./content/realblog/realblog.csv&quot; found (2023-02-24T15:07:22+00:00).</p>
      <button name="action" value="import">Import from CSV</button>
    </fieldset>
  </form>
</div>
