<!-- realblog feed link -->
<a href="/?&amp;realblog_feed=rss" target="_self">
  <img src="./plugins/realblog/images/rss.png" alt="RSS feed for this website" title="RSS feed for this website" style="border: 0">
</a>
