<!-- realblog feed link -->
<a href="/?&realblog_feed=rss" target="_self">
    <img src="./images/rss.png"
         alt="RSS feed for this website" title="RSS feed for this website"
         style="border: 0">
</a>