<?xml version="1.0" encoding="UTF-8"?>
<rss version="2.0">
  <channel>
    <title>Weblog</title>
    <description>The weblog of ...</description>
    <link>http://example.com/?Blog</link>
    <language>en</language>
    <copyright></copyright>
    <managingEditor>webmaster@example.com</managingEditor>
    <image>
      <url>http://example.com/userfiles/images/rss.png</url>
      <link>http://example.com/?Blog</link>
      <title>Weblog</title>
    </image>
    <item>
      <title>My fine Post</title>
      <link>http://example.com/?Blog&amp;realblog_id=1</link>
      <description></description>
      <pubDate>Thu, 23 Feb 2023 00:00:00 +0000</pubDate>
    </item>
  </channel>
</rss>
