<?xml version="1.0" encoding="UTF-8"?>
<rss version="2.0">
  <channel>
    <title>Weblog</title>
    <description>The weblog of ...</description>
    <link>http://example.com/?Blog</link>
    <language>en</language>
    <copyright></copyright>
    <managingEditor>webmaster@example.com</managingEditor>
    <image>
      <url>http://example.com/userfiles/images/rss.png</url>
      <link>http://example.com/?Blog</link>
      <title>Weblog</title>
    </image>
  </channel>
</rss>
