
<link rel="alternate" type="application/rss+xml" href="./?realblog_feed=rss">