<!-- realblog info -->
<div class="realblog_info">
  <h1>Realblog 3.1-dev</h1>
  <h4>System check</h4>
  <div class="realblog_systemcheck">
    <p class="xh_fail">PHP version ≥ 7.1.0: failure</p>
    <p class="xh_fail">PHP extension 'sqlite3' is loaded: failure</p>
    <p class="xh_fail">CMSimple_XH version ≥ 1.7.0: failure</p>
    <p class="xh_fail">Plib_XH version ≥ 1.8: failure</p>
    <p class="xh_warning">'./plugins/realblog/config' is writable: warning</p>
    <p class="xh_warning">'./plugins/realblog/css' is writable: warning</p>
    <p class="xh_warning">'./plugins/realblog/languages' is writable: warning</p>
  </div>
</div>
