<!-- realblog latest -->
<div class="realblog_latest">
  <h4>Newest entries in Blog:</h4>
  <p>no entries available</p>
</div>
