<!-- realblog latest -->
<div class="realblog_latest">
  <h4>Newest entries in Blog:</h4>
  <div class="realblog_tpl_show_box">
    <p class="realblog_tpl_show_date">23.02.2023</p>
    <p class="realblog_tpl_show_title">
      <a href="/?&amp;function=realblog_article&amp;realblog_id=1&amp;realblog_selected=Blog">My fine Post</a>
    </p>
    <div class="realblog_tpl_show_story">Read it</div>
    <p class="realblog_tpl_read_more">
      <a class="realblog_button" href="/?&amp;function=realblog_article&amp;realblog_id=1&amp;realblog_selected=Blog">read more Â»</a>
    </p>
  </div>  
</div>
