
<script>REALBLOG.categories = ["cat1","cat2"];</script>
<script src="./plugins/realblog/realblog.js"></script>