<!-- realblog confirm delete -->
<div class="realblog_confirm_delete">
  <h1>Realblog â€“ Delete selected articles</h1>
  <p class="xh_info">no entries selected</p>
  <p><a href="/?realblog&amp;admin=plugin_main&amp;action=plugin_text&amp;realblog_page=1">entries overview</a></p>
</div>
