<!-- realblog confirm change status -->
<div class="realblog_confirm_change_status">
  <h1>Realblog â€“ Change article status</h1>
  <p class="xh_info">no entries selected</p>
  <p><a href="/?realblog&amp;admin=plugin_main&amp;action=plugin_text&amp;realblog_page=1">entries overview</a></p>
</div>
