<!-- realblog confirm change status -->
<div class="realblog_confirm_change_status">
  <h1>Realblog â€“ Change article status</h1>
  <p class="xh_warning">Do you really want to change status of selected entries?</p>
  <form name="confirm" method="post" action="/?realblog&amp;admin=plugin_main">
    <input type="hidden" name="realblog_ids[]" value="17">
    <input type="hidden" name="realblog_ids[]" value="4">
    <input type="hidden" name="action" value="do_change_status"?>
    <input type="hidden" name="xh_csrf_token" value="e3c1b42a6098b48a39f9f54ddb3388f7">
    <p style="text-align: center">
      <select name="realblog_status">
      <option value="-1">Choose new Status</option>
        <option value="0">not published</option>
        <option value="1">published</option>
        <option value="2">archived</option>
      </select>
      <input type="submit" name="submit" value="OK">
    </p>
  </form>
  <p><a href="/?realblog&amp;admin=plugin_main&amp;action=plugin_text">entries overview</a></p>
</div>
