<!-- realblog info message -->
<h1>Realblog â€“ Delete selected articles</h1>
<p class="xh_fail">No articles have been deleted!</p><p><a href="/?realblog&amp;admin=plugin_main&amp;action=plugin_text">entries overview</a></p>
