<!-- realblog confirm delete -->
<div class="realblog_confirm_delete">
  <h1>Realblog â€“ Delete selected articles</h1>
  <p class="xh_fail">Only 1 of 2 requested articles have been deleted!</p>
  <p class="xh_warning">Do you really want to delete selected entries?</p>
  <form name="confirm" method="post">
    <input type="hidden" name="realblog_token" value="e3c1b42a6098b48a39f9f54ddb3388f7">
    <p style="text-align: center">
      <button name="realblog_do">Delete</button>
    </p>
  </form>
  <p><a href="/?realblog&amp;admin=plugin_main&amp;action=plugin_text&amp;realblog_page=1">entries overview</a></p>
</div>
