<h1>Realblog &ndash; Edit article</h1>
<p class="xh_fail">Article couldn't be modified!</p>
<p><a href="/?realblog&amp;admin=plugin_main&amp;action=plugin_text">entries overview</a></p>