<!-- realblog info message -->
<h1>Realblog â€“ Change article status</h1>
<p class="xh_warning">The status of 1 of 2 selected articles has been changed!</p><p><a href="/?realblog&amp;admin=plugin_main&amp;action=plugin_text">entries overview</a></p>
