<!-- realblog confirm change status -->
<div class="realblog_confirm_change_status">
  <h1>Realblog â€“ Change article status</h1>
  <p class="xh_fail">The status of the selected articles couldn't be changed!</p>
  <p class="xh_warning">Do you really want to change status of selected entries?</p>
  <form name="confirm" method="post">
    <input type="hidden" name="xh_csrf_token" value="e3c1b42a6098b48a39f9f54ddb3388f7">
    <p style="text-align: center">
      <select name="realblog_status">
      <option value="-1">Choose new Status</option>
        <option value="0">not published</option>
        <option value="1">published</option>
        <option value="2">archived</option>
      </select>
      <button name="realblog_do">OK</button>
    </p>
  </form>
  <p><a href="/?realblog&amp;admin=plugin_main&amp;action=plugin_text&amp;realblog_page=1">entries overview</a></p>
</div>
