<!-- realblog info message -->
<h1>Realblog â€“ Create new article</h1>
<p class="xh_fail">Article couldn't be added!</p><p><a href="/?realblog&amp;admin=plugin_main&amp;action=plugin_text">entries overview</a></p>
