<!-- realblog most popular -->
<div class="realblog_most_popular">
  <h4>Most popular articles</h4>
  <p>
    <a href="/?foo&amp;realblog_id=1">Title 1</a>
    <span>300 views</span>
  </p>
  <p>
    <a href="/?foo&amp;realblog_id=2">Title 2</a>
    <span>200 views</span>
  </p>
  <p>
    <a href="/?foo&amp;realblog_id=3">Title 3</a>
    <span>100 views</span>
  </p>
</div>
