<!-- realblog most popular -->
<div class="realblog_most_popular">
    <h4>Most popular articles</h4>
    <p>no entries available</p>
</div>
