1	1	1330124400	1330297200	1330297200	1	,Kategorie_1,Kategorie_2,	Willkommen	<p>Das ist ein Test Blog-Artikel, Sie können diesen Beitrag modifizieren und als Ihren ersten Blog-Artikel verwenden.</p><p><em>This is a test entry, you can modify it and use it as your first blog entry.</em></p>	<p>Das ist ein Test Blog-Artikel, Sie können diesen Beitrag modifizieren und als Ihren ersten Blog-Artikel verwenden.</p><p><em>This is a test entry, you can modify it and use it as your first blog entry.</em></p>	0	0
